<?xml version="1.0" encoding="UTF-8"?>
<testsuites>
  <testsuite name="C:\projects\registros-financeiros\phpunit.xml" tests="21" assertions="36" errors="0" failures="0" skipped="0" time="4.316044">
    <testsuite name="Unit" tests="10" assertions="12" errors="0" failures="0" skipped="0" time="2.490770">
      <testsuite name="Tests\Unit\LancamentoModelTest" file="C:\projects\registros-financeiros\tests\Unit\LancamentoModelTest.php" tests="5" assertions="7" errors="0" failures="0" skipped="0" time="2.467312">
        <testcase name="test_scope_pendentes_retorna_so_pendentes" file="C:\projects\registros-financeiros\tests\Unit\LancamentoModelTest.php" line="15" class="Tests\Unit\LancamentoModelTest" classname="Tests.Unit.LancamentoModelTest" assertions="2" time="1.752658"/>
        <testcase name="test_scope_receitas_retorna_so_receitas" file="C:\projects\registros-financeiros\tests\Unit\LancamentoModelTest.php" line="27" class="Tests\Unit\LancamentoModelTest" classname="Tests.Unit.LancamentoModelTest" assertions="2" time="0.629432"/>
        <testcase name="test_accessor_valor_formatado" file="C:\projects\registros-financeiros\tests\Unit\LancamentoModelTest.php" line="41" class="Tests\Unit\LancamentoModelTest" classname="Tests.Unit.LancamentoModelTest" assertions="1" time="0.026653"/>
        <testcase name="test_mutator_valor_aceita_formato_brasileiro" file="C:\projects\registros-financeiros\tests\Unit\LancamentoModelTest.php" line="49" class="Tests\Unit\LancamentoModelTest" classname="Tests.Unit.LancamentoModelTest" assertions="1" time="0.026473"/>
        <testcase name="test_accessor_is_atrasado_retorna_true_quando_pendente_e_passado" file="C:\projects\registros-financeiros\tests\Unit\LancamentoModelTest.php" line="57" class="Tests\Unit\LancamentoModelTest" classname="Tests.Unit.LancamentoModelTest" assertions="1" time="0.032097"/>
      </testsuite>
      <testsuite name="Tests\Unit\LancamentoPolicyTest" file="C:\projects\registros-financeiros\tests\Unit\LancamentoPolicyTest.php" tests="2" assertions="2" errors="0" failures="0" skipped="0" time="0.010573">
        <testcase name="test_update_permite_ao_dono_do_lancamento" file="C:\projects\registros-financeiros\tests\Unit\LancamentoPolicyTest.php" line="20" class="Tests\Unit\LancamentoPolicyTest" classname="Tests.Unit.LancamentoPolicyTest" assertions="1" time="0.005695"/>
        <testcase name="test_update_nega_para_outro_usuario" file="C:\projects\registros-financeiros\tests\Unit\LancamentoPolicyTest.php" line="31" class="Tests\Unit\LancamentoPolicyTest" classname="Tests.Unit.LancamentoPolicyTest" assertions="1" time="0.004879"/>
      </testsuite>
      <testsuite name="Tests\Unit\LancamentoServiceTest" file="C:\projects\registros-financeiros\tests\Unit\LancamentoServiceTest.php" tests="3" assertions="3" errors="0" failures="0" skipped="0" time="0.012885">
        <testcase name="test_calcular_saldo_soma_receitas_e_subtrai_despesas" file="C:\projects\registros-financeiros\tests\Unit\LancamentoServiceTest.php" line="20" class="Tests\Unit\LancamentoServiceTest" classname="Tests.Unit.LancamentoServiceTest" assertions="1" time="0.004645"/>
        <testcase name="test_calcular_saldo_retorna_zero_sem_lancamentos" file="C:\projects\registros-financeiros\tests\Unit\LancamentoServiceTest.php" line="31" class="Tests\Unit\LancamentoServiceTest" classname="Tests.Unit.LancamentoServiceTest" assertions="1" time="0.004059"/>
        <testcase name="test_marcar_como_pago_lanca_excecao_se_ja_pago" file="C:\projects\registros-financeiros\tests\Unit\LancamentoServiceTest.php" line="36" class="Tests\Unit\LancamentoServiceTest" classname="Tests.Unit.LancamentoServiceTest" assertions="1" time="0.004182"/>
      </testsuite>
    </testsuite>
    <testsuite name="Feature" tests="11" assertions="24" errors="0" failures="0" skipped="0" time="1.825273">
      <testsuite name="Tests\Feature\ExampleTest" file="C:\projects\registros-financeiros\tests\Feature\ExampleTest.php" tests="2" assertions="3" errors="0" failures="0" skipped="0" time="0.100005">
        <testcase name="test_guest_is_redirected_to_login" file="C:\projects\registros-financeiros\tests\Feature\ExampleTest.php" line="12" class="Tests\Feature\ExampleTest" classname="Tests.Feature.ExampleTest" assertions="2" time="0.056370"/>
        <testcase name="test_login_page_is_accessible" file="C:\projects\registros-financeiros\tests\Feature\ExampleTest.php" line="22" class="Tests\Feature\ExampleTest" classname="Tests.Feature.ExampleTest" assertions="1" time="0.043635"/>
      </testsuite>
      <testsuite name="Tests\Feature\LancamentoHttpTest" file="C:\projects\registros-financeiros\tests\Feature\LancamentoHttpTest.php" tests="9" assertions="21" errors="0" failures="0" skipped="0" time="1.725268">
        <testcase name="test_listagem_autenticado_retorna_200_e_exibe_lancamentos_do_usuario" file="C:\projects\registros-financeiros\tests\Feature\LancamentoHttpTest.php" line="26" class="Tests\Feature\LancamentoHttpTest" classname="Tests.Feature.LancamentoHttpTest" assertions="2" time="0.238210"/>
        <testcase name="test_rota_inexistente_retorna_404" file="C:\projects\registros-financeiros\tests\Feature\LancamentoHttpTest.php" line="38" class="Tests\Feature\LancamentoHttpTest" classname="Tests.Feature.LancamentoHttpTest" assertions="1" time="0.029751"/>
        <testcase name="test_store_com_payload_valido_cria_registro_e_redireciona_com_success" file="C:\projects\registros-financeiros\tests\Feature\LancamentoHttpTest.php" line="46" class="Tests\Feature\LancamentoHttpTest" classname="Tests.Feature.LancamentoHttpTest" assertions="4" time="0.227440"/>
        <testcase name="test_store_com_valor_vazio_retorna_422_com_erro_no_campo_valor" file="C:\projects\registros-financeiros\tests\Feature\LancamentoHttpTest.php" line="58" class="Tests\Feature\LancamentoHttpTest" classname="Tests.Feature.LancamentoHttpTest" assertions="3" time="0.248983"/>
        <testcase name="test_update_atualiza_registro_do_proprio_usuario" file="C:\projects\registros-financeiros\tests\Feature\LancamentoHttpTest.php" line="72" class="Tests\Feature\LancamentoHttpTest" classname="Tests.Feature.LancamentoHttpTest" assertions="3" time="0.248459"/>
        <testcase name="test_destroy_remove_lancamento" file="C:\projects\registros-financeiros\tests\Feature\LancamentoHttpTest.php" line="87" class="Tests\Feature\LancamentoHttpTest" classname="Tests.Feature.LancamentoHttpTest" assertions="3" time="0.231878"/>
        <testcase name="test_acesso_sem_autenticacao_redireciona_para_login" file="C:\projects\registros-financeiros\tests\Feature\LancamentoHttpTest.php" line="99" class="Tests\Feature\LancamentoHttpTest" classname="Tests.Feature.LancamentoHttpTest" assertions="2" time="0.018828"/>
        <testcase name="test_usuario_nao_pode_editar_lancamento_de_outro_usuario" file="C:\projects\registros-financeiros\tests\Feature\LancamentoHttpTest.php" line="107" class="Tests\Feature\LancamentoHttpTest" classname="Tests.Feature.LancamentoHttpTest" assertions="1" time="0.441840"/>
        <testcase name="test_healthz_retorna_status_ok_e_db_ok" file="C:\projects\registros-financeiros\tests\Feature\LancamentoHttpTest.php" line="122" class="Tests\Feature\LancamentoHttpTest" classname="Tests.Feature.LancamentoHttpTest" assertions="2" time="0.039878"/>
      </testsuite>
    </testsuite>
  </testsuite>
</testsuites>
